[lisaflix.com.br/assinar-top-streams/index.html]
[backblue.gif]
[fade.gif]
[index.html]
[lisaflix.com.br/wp-includes/js/jquery/jquery.minf43b.js]
[lisaflix.com.br/wp-includes/js/jquery/jquery-migrate.min5589.js]
[lisaflix.com.br/wp-includes/js/dist/vendor/wp-polyfill-inert.min0226.js]
[lisaflix.com.br/wp-includes/js/dist/vendor/regenerator-runtime.min6c85.js]
[lisaflix.com.br/wp-includes/js/dist/vendor/wp-polyfill.min2c7c.js]
[lisaflix.com.br/wp-includes/js/dist/hooks.min2757.js]
[stats.wp.com/w7bb1.js]
[lisaflix.com.br/wp-content/plugins/wp-plugin-hostgator/vendor/newfold-labs/wp-module-patterns/assets/build/utilities0d29.js]
[lisaflix.com.br/wp-content/plugins/piotnet-addons-for-elementor/assets/js/minify/extension.minb084.js]
[lisaflix.com.br/wp-content/plugins/woocommerce/assets/js/jquery-blockui/jquery.blockUI.mince95.js]
[lisaflix.com.br/wp-content/plugins/woocommerce/assets/js/frontend/add-to-cart.min27f0.js]
[lisaflix.com.br/wp-content/plugins/woocommerce/assets/js/js-cookie/js.cookie.mina39c.js]
[lisaflix.com.br/wp-content/plugins/woocommerce/assets/js/frontend/woocommerce.min27f0.js]
[stats.wp.com/s-202419.js]
[i0.wp.com/lisaflix.com.br/wp-content/uploads/2024/02/Lisaflix__7_-removebg-previewe43b.png]
[i0.wp.com/lisaflix.com.br/wp-content/uploads/2024/02/Lisaflix__7_-removebg-preview98d8.png]
[i0.wp.com/lisaflix.com.br/wp-content/uploads/2024/02/Lisaflix__7_-removebg-previewf9b5.png]
[i0.wp.com/lisaflix.com.br/wp-content/uploads/2024/02/Plano-Anual-FBe7ca.png]
[i0.wp.com/lisaflix.com.br/wp-content/uploads/2024/02/Plano-mensale8b8.png]
[lisaflix.com.br/wp-content/plugins/wp-plugin-hostgator/vendor/newfold-labs/wp-module-ecommerce/includes/wpnavbar5152.js]
[lisaflix.com.br/wp-content/plugins/creative-mail-by-constant-contact/assets/js/block/submit0911.js]
[lisaflix.com.br/wp-content/plugins/jetpack/jetpack_vendor/automattic/jetpack-connection/dist/tracks-callables5696.js]
[lisaflix.com.br/wp-content/plugins/woocommerce/assets/js/sourcebuster/sourcebuster.min27f0.js]
[lisaflix.com.br/wp-content/plugins/woocommerce/assets/js/frontend/order-attribution.min27f0.js]
[lisaflix.com.br/wp-content/themes/hello-elementor/assets/js/hello-frontend.min41fe.js]
[lisaflix.com.br/wp-content/plugins/elementor/assets/js/webpack.runtime.min63aa.js]
[lisaflix.com.br/wp-content/plugins/elementor/assets/js/frontend-modules.min63aa.js]
[lisaflix.com.br/wp-content/plugins/elementor/assets/lib/waypoints/waypoints.min05da.js]
[lisaflix.com.br/wp-includes/js/jquery/ui/core.min3f14.js]
[lisaflix.com.br/wp-content/plugins/elementor/assets/js/frontend.min63aa.js]
[lisaflix.com.br/wp-includes/js/underscore.mind584.js]
[lisaflix.com.br/wp-includes/js/wp-util.minef10.js]
[lisaflix.com.br/wp-content/plugins/wpforms-lite/assets/js/integrations/elementor/frontend.min8cb8.js]
[lisaflix.com.br/assinar-top-streams/index.html]
[lisaflix.com.br/wp-includes/js/mediaelement/mediaelementplayer-legacy.min1f61.css]
[lisaflix.com.br/wp-includes/js/mediaelement/wp-mediaelement.minef10.css]
[lisaflix.com.br/wp-content/plugins/wp-plugin-hostgator/vendor/newfold-labs/wp-module-patterns/assets/build/utilities0d29.css]
[lisaflix.com.br/wp-content/plugins/piotnet-addons-for-elementor/assets/css/minify/extension.minb084.css]
[lisaflix.com.br/wp-content/plugins/woocommerce/assets/css/woocommerce-layout27f0.css]
[lisaflix.com.br/wp-content/plugins/woocommerce/assets/css/woocommerce-smallscreen27f0.css]
[lisaflix.com.br/wp-content/plugins/woocommerce/assets/css/woocommerce27f0.css]
[lisaflix.com.br/wp-content/themes/hello-elementor/style.min41fe.css]
[lisaflix.com.br/wp-content/themes/hello-elementor/theme.min41fe.css]
[lisaflix.com.br/wp-content/themes/hello-elementor/header-footer.min41fe.css]
[lisaflix.com.br/wp-content/plugins/elementor/assets/css/frontend-lite.min63aa.css]
[lisaflix.com.br/wp-content/uploads/elementor/css/post-7c585.css]
[lisaflix.com.br/wp-content/plugins/elementor/assets/lib/swiper/v8/css/swiper.min94a4.css]
[lisaflix.com.br/wp-content/uploads/elementor/css/globalfed4.css]
[lisaflix.com.br/wp-content/uploads/elementor/css/post-10013e266.css]
[lisaflix.com.br/wp-content/plugins/woocommerce/assets/client/blocks/wc-blocks144e.css]
[lisaflix.com.br/wp-includes/js/mediaelement/mejs-controls.svg]
